============================= test session starts =============================
platform win32 -- Python 3.13.5, pytest-8.3.2, pluggy-1.6.0 -- C:\Python313\python.exe
cachedir: .pytest_cache
rootdir: C:\Users\weedm\Downloads\alexa_full_control
configfile: pytest.ini
plugins: cov-4.1.0, mock-3.15.1
collecting ... collected 193 items / 7 errors

=================================== ERRORS ====================================
_____ ERROR collecting Dev/pytests/core/test_circuit_breaker_registry.py ______
Dev\pytests\core\test_circuit_breaker_registry.py:20: in <module>
    from core.breaker_registry import CircuitBreakerRegistry
E   ModuleNotFoundError: No module named 'core.breaker_registry'

During handling of the above exception, another exception occurred:
Dev\pytests\core\test_circuit_breaker_registry.py:27: in <module>
    spec.loader.exec_module(breaker_registry)
<frozen importlib._bootstrap_external>:1022: in exec_module
    ???
<frozen importlib._bootstrap_external>:1159: in get_code
    ???
<frozen importlib._bootstrap_external>:1217: in get_data
    ???
E   FileNotFoundError: [Errno 2] No such file or directory: 'C:\\Users\\weedm\\Downloads\\alexa_full_control\\Dev\\core\\breaker_registry.py'
__________ ERROR collecting Dev/pytests/core/test_manager_factory.py __________
ImportError while importing test module 'C:\Users\weedm\Downloads\alexa_full_control\Dev\pytests\core\test_manager_factory.py'.
Hint: make sure your test modules/packages have valid Python names.
Traceback:
..\..\AppData\Roaming\Python\Python313\site-packages\_pytest\python.py:493: in importtestmodule
    mod = import_path(
..\..\AppData\Roaming\Python\Python313\site-packages\_pytest\pathlib.py:582: in import_path
    importlib.import_module(module_name)
C:\Python313\Lib\importlib\__init__.py:88: in import_module
    return _bootstrap._gcd_import(name[level:], package, level)
<frozen importlib._bootstrap>:1387: in _gcd_import
    ???
<frozen importlib._bootstrap>:1360: in _find_and_load
    ???
<frozen importlib._bootstrap>:1331: in _find_and_load_unlocked
    ???
<frozen importlib._bootstrap>:935: in _load_unlocked
    ???
..\..\AppData\Roaming\Python\Python313\site-packages\_pytest\assertion\rewrite.py:174: in exec_module
    exec(co, module.__dict__)
Dev\pytests\core\test_manager_factory.py:17: in <module>
    from core.manager_factory import ManagerConfig, ManagerFactory
E   ModuleNotFoundError: No module named 'core.manager_factory'
_______ ERROR collecting Dev/pytests/managers/test_playback_manager.py ________
ImportError while importing test module 'C:\Users\weedm\Downloads\alexa_full_control\Dev\pytests\managers\test_playback_manager.py'.
Hint: make sure your test modules/packages have valid Python names.
Traceback:
..\..\AppData\Roaming\Python\Python313\site-packages\_pytest\python.py:493: in importtestmodule
    mod = import_path(
..\..\AppData\Roaming\Python\Python313\site-packages\_pytest\pathlib.py:582: in import_path
    importlib.import_module(module_name)
C:\Python313\Lib\importlib\__init__.py:88: in import_module
    return _bootstrap._gcd_import(name[level:], package, level)
<frozen importlib._bootstrap>:1387: in _gcd_import
    ???
<frozen importlib._bootstrap>:1360: in _find_and_load
    ???
<frozen importlib._bootstrap>:1331: in _find_and_load_unlocked
    ???
<frozen importlib._bootstrap>:935: in _load_unlocked
    ???
..\..\AppData\Roaming\Python\Python313\site-packages\_pytest\assertion\rewrite.py:174: in exec_module
    exec(co, module.__dict__)
Dev\pytests\managers\test_playback_manager.py:11: in <module>
    from core.music.playback_manager import PlaybackManager
E   ModuleNotFoundError: No module named 'core.music'
__________ ERROR collecting Dev/pytests/test_base_manager_headers.py __________
ImportError while importing test module 'C:\Users\weedm\Downloads\alexa_full_control\Dev\pytests\test_base_manager_headers.py'.
Hint: make sure your test modules/packages have valid Python names.
Traceback:
..\..\AppData\Roaming\Python\Python313\site-packages\_pytest\python.py:493: in importtestmodule
    mod = import_path(
..\..\AppData\Roaming\Python\Python313\site-packages\_pytest\pathlib.py:582: in import_path
    importlib.import_module(module_name)
C:\Python313\Lib\importlib\__init__.py:88: in import_module
    return _bootstrap._gcd_import(name[level:], package, level)
<frozen importlib._bootstrap>:1387: in _gcd_import
    ???
<frozen importlib._bootstrap>:1360: in _find_and_load
    ???
<frozen importlib._bootstrap>:1331: in _find_and_load_unlocked
    ???
<frozen importlib._bootstrap>:935: in _load_unlocked
    ???
..\..\AppData\Roaming\Python\Python313\site-packages\_pytest\assertion\rewrite.py:174: in exec_module
    exec(co, module.__dict__)
Dev\pytests\test_base_manager_headers.py:4: in <module>
    from core.base_manager import BaseManager
E   ModuleNotFoundError: No module named 'core.base_manager'
______________ ERROR collecting Dev/pytests/test_csrf_manager.py ______________
ImportError while importing test module 'C:\Users\weedm\Downloads\alexa_full_control\Dev\pytests\test_csrf_manager.py'.
Hint: make sure your test modules/packages have valid Python names.
Traceback:
..\..\AppData\Roaming\Python\Python313\site-packages\_pytest\python.py:493: in importtestmodule
    mod = import_path(
..\..\AppData\Roaming\Python\Python313\site-packages\_pytest\pathlib.py:582: in import_path
    importlib.import_module(module_name)
C:\Python313\Lib\importlib\__init__.py:88: in import_module
    return _bootstrap._gcd_import(name[level:], package, level)
<frozen importlib._bootstrap>:1387: in _gcd_import
    ???
<frozen importlib._bootstrap>:1360: in _find_and_load
    ???
<frozen importlib._bootstrap>:1331: in _find_and_load_unlocked
    ???
<frozen importlib._bootstrap>:935: in _load_unlocked
    ???
..\..\AppData\Roaming\Python\Python313\site-packages\_pytest\assertion\rewrite.py:174: in exec_module
    exec(co, module.__dict__)
Dev\pytests\test_csrf_manager.py:17: in <module>
    from core.security.csrf_manager import CSRFManager, SecurityError
E   ModuleNotFoundError: No module named 'core.security'
____________ ERROR collecting Dev/pytests/test_input_validators.py ____________
ImportError while importing test module 'C:\Users\weedm\Downloads\alexa_full_control\Dev\pytests\test_input_validators.py'.
Hint: make sure your test modules/packages have valid Python names.
Traceback:
..\..\AppData\Roaming\Python\Python313\site-packages\_pytest\python.py:493: in importtestmodule
    mod = import_path(
..\..\AppData\Roaming\Python\Python313\site-packages\_pytest\pathlib.py:582: in import_path
    importlib.import_module(module_name)
C:\Python313\Lib\importlib\__init__.py:88: in import_module
    return _bootstrap._gcd_import(name[level:], package, level)
<frozen importlib._bootstrap>:1387: in _gcd_import
    ???
<frozen importlib._bootstrap>:1360: in _find_and_load
    ???
<frozen importlib._bootstrap>:1331: in _find_and_load_unlocked
    ???
<frozen importlib._bootstrap>:935: in _load_unlocked
    ???
..\..\AppData\Roaming\Python\Python313\site-packages\_pytest\assertion\rewrite.py:174: in exec_module
    exec(co, module.__dict__)
Dev\pytests\test_input_validators.py:14: in <module>
    from core.security.validators import InputValidator, ValidationError
E   ModuleNotFoundError: No module named 'core.security'
______________ ERROR collecting Dev/pytests/test_integration.py _______________
ImportError while importing test module 'C:\Users\weedm\Downloads\alexa_full_control\Dev\pytests\test_integration.py'.
Hint: make sure your test modules/packages have valid Python names.
Traceback:
..\..\AppData\Roaming\Python\Python313\site-packages\_pytest\python.py:493: in importtestmodule
    mod = import_path(
..\..\AppData\Roaming\Python\Python313\site-packages\_pytest\pathlib.py:582: in import_path
    importlib.import_module(module_name)
C:\Python313\Lib\importlib\__init__.py:88: in import_module
    return _bootstrap._gcd_import(name[level:], package, level)
<frozen importlib._bootstrap>:1387: in _gcd_import
    ???
<frozen importlib._bootstrap>:1360: in _find_and_load
    ???
<frozen importlib._bootstrap>:1331: in _find_and_load_unlocked
    ???
<frozen importlib._bootstrap>:935: in _load_unlocked
    ???
..\..\AppData\Roaming\Python\Python313\site-packages\_pytest\assertion\rewrite.py:174: in exec_module
    exec(co, module.__dict__)
Dev\pytests\test_integration.py:13: in <module>
    from core.device_manager import DeviceManager
E   ModuleNotFoundError: No module named 'core.device_manager'
=========================== short test summary info ===========================
ERROR Dev/pytests/core/test_circuit_breaker_registry.py - FileNotFoundError: [Errno 2] No such file or directory: 'C:\\Users\\weedm\\Downloads\\alexa_full_control\\Dev\\core\\breaker_registry.py'
ERROR Dev/pytests/core/test_manager_factory.py
ERROR Dev/pytests/managers/test_playback_manager.py
ERROR Dev/pytests/test_base_manager_headers.py
ERROR Dev/pytests/test_csrf_manager.py
ERROR Dev/pytests/test_input_validators.py
ERROR Dev/pytests/test_integration.py
!!!!!!!!!!!!!!!!!!! Interrupted: 7 errors during collection !!!!!!!!!!!!!!!!!!!
============================== 7 errors in 1.61s ==============================
